// Jest Snapshot v1, https://goo.gl/fbAQLP

exports[`BaseModal Component When rendered matches to snapshot 1`] = `
<div
  class="overlay cr-base-modal__overlay"
  data-modal-overlay=""
  enter-class="enterTransition"
  leave-active-class="leaveActiveTransition"
>
  <div
    class="container cr-base-modal__container"
    data-modal-container=""
  >
    <div
      class="content cr-base-modal__content"
      data-modal-content=""
    >
      <button
        class="closeButton cr-base-modall__close"
        data-modal-close=""
      >
        <span
          class="closeButtonLabel"
        >
          Fechar
        </span>
      </button>
       
      <div>
        Modal content here
      </div>
    </div>
  </div>
</div>
`;

exports[`BaseModal Component When rendered matches to snapshot when props "customCssClass" is passed 1`] = `
Snapshot Diff:
- First value
+ Second value

@@ -1,7 +1,7 @@
  <div
-   class="overlay cr-base-modal__overlay"
+   class="overlay cr-base-modal__overlay some-weird-css-class"
    data-modal-overlay=""
    enter-class="enterTransition"
    leave-active-class="leaveActiveTransition"
  >
    <div
`;
